[{"output":"Hello! Welcome to Sri Lanka Telecom's support desk. How can I assist you today?"}]